operationName: 'test:doctrine:dbal-connection-api'
tags:
  -
    key: command.exit-code
    value: 0
children:
  -
    operationName: 'DBAL: SELECT test_table'
    tags:
      -
        key: db.statement
        value: 'SELECT COUNT(*) FROM test_table WHERE str IS NOT NULL'
      -
        key: db.parameters
        value: '[]'
  -
    operationName: 'DBAL: INSERT INTO test_table'
    tags:
      -
        key: db.statement
        value: 'INSERT INTO test_table (str) VALUES (?)'
      -
        key: db.parameters
        value: '["a"]'
  -
    operationName: 'DBAL: SELECT test_table'
    tags:
      -
        key: db.statement
        value: 'SELECT COUNT(*) FROM test_table WHERE str IS NOT NULL'
      -
        key: db.parameters
        value: '[]'
  -
    operationName: 'DBAL: INSERT INTO test_table'
    tags:
      -
        key: db.statement
        value: 'INSERT INTO test_table (str) VALUES (?)'
      -
        key: db.parameters
        value: '["b"]'
  -
    operationName: 'DBAL: SELECT test_table'
    tags:
      -
        key: db.statement
        value: 'SELECT COUNT(*) FROM test_table WHERE str IS NOT NULL'
      -
        key: db.parameters
        value: '[]'
  -
    operationName: 'DBAL: UPDATE test_table'
    tags:
      -
        key: db.statement
        value: 'UPDATE test_table SET str = ? WHERE str = ?'
      -
        key: db.parameters
        value: '[null,"a"]'
  -
    operationName: 'DBAL: SELECT test_table'
    tags:
      -
        key: db.statement
        value: 'SELECT COUNT(*) FROM test_table WHERE str IS NOT NULL'
      -
        key: db.parameters
        value: '[]'
  -
    operationName: 'DBAL: SELECT test_table'
    tags:
      -
        key: db.statement
        value: 'SELECT id FROM test_table WHERE str IS NOT NULL'
      -
        key: db.parameters
        value: '[]'
  -
    operationName: 'DBAL: DELETE test_table'
    tags:
      -
        key: db.statement
        value: 'DELETE FROM test_table WHERE id = ?'
      -
        key: db.parameters
        value: '["2"]'
  -
    operationName: 'DBAL: SELECT test_table'
    tags:
      -
        key: db.statement
        value: 'SELECT COUNT(*) FROM test_table WHERE str IS NOT NULL'
      -
        key: db.parameters
        value: '[]'
  -
    operationName: 'DBAL: UPDATE test_table'
    tags:
      -
        key: db.statement
        value: 'UPDATE test_table SET str = NULL WHERE str IS NOT NULL'
      -
        key: db.parameters
        value: '[]'
